
> react-kavia@0.1.0 start
> react-scripts start

(node:1295) [DEP_WEBPACK_DEV_SERVER_ON_AFTER_SETUP_MIDDLEWARE] DeprecationWarning: 'onAfterSetupMiddleware' option is deprecated. Please use the 'setupMiddlewares' option.
(Use `node --trace-deprecation ...` to show where the warning was created)
(node:1295) [DEP_WEBPACK_DEV_SERVER_ON_BEFORE_SETUP_MIDDLEWARE] DeprecationWarning: 'onBeforeSetupMiddleware' option is deprecated. Please use the 'setupMiddlewares' option.
Starting the development server...

Compiled with warnings.

[eslint] 
src/components/AuthContext.js
  Line 24:11:  'session' is assigned a value but never used  no-unused-vars

src/components/LoginPage.js
  Line 26:13:  'data' is assigned a value but never used  no-unused-vars

src/components/RegisterPage.js
  Line 26:13:  'data' is assigned a value but never used  no-unused-vars

Search for the keywords to learn more about each warning.
To ignore, add // eslint-disable-next-line to the line before.

WARNING in [eslint] 
src/components/AuthContext.js
  Line 24:11:  'session' is assigned a value but never used  no-unused-vars

src/components/LoginPage.js
  Line 26:13:  'data' is assigned a value but never used  no-unused-vars

src/components/RegisterPage.js
  Line 26:13:  'data' is assigned a value but never used  no-unused-vars

webpack compiled with 1 warning
Compiling...
Compiled with warnings.

[eslint] 
src/components/AuthContext.js
  Line 41:11:  'session' is assigned a value but never used  no-unused-vars

src/components/LoginPage.js
  Line 26:13:  'data' is assigned a value but never used  no-unused-vars

src/components/RegisterPage.js
  Line 26:13:  'data' is assigned a value but never used  no-unused-vars

Search for the keywords to learn more about each warning.
To ignore, add // eslint-disable-next-line to the line before.

WARNING in [eslint] 
src/components/AuthContext.js
  Line 41:11:  'session' is assigned a value but never used  no-unused-vars

src/components/LoginPage.js
  Line 26:13:  'data' is assigned a value but never used  no-unused-vars

src/components/RegisterPage.js
  Line 26:13:  'data' is assigned a value but never used  no-unused-vars

webpack compiled with 1 warning
